exports[`Automatedtestingwithtuyen.com login feature > Verify if user is able to login #0`] = `
<div class="_3oi4n" data-testid="container-bg"></div>
`;
